Exception message: 429 You exceeded your current quota, please check your plan and billing details. For more information on this error, head to: https://ai.google.dev/gemini-api/docs/rate-limits. To monitor your current usage, head to: https://ai.dev/rate-limit. 
* Quota exceeded for metric: generativelanguage.googleapis.com/generate_content_free_tier_requests, limit: 20, model: gemini-2.5-flash
Please retry in 30.673645743s. [links {
  description: "Learn more about Gemini API quotas"
  url: "https://ai.google.dev/gemini-api/docs/rate-limits"
}
, violations {
  quota_metric: "generativelanguage.googleapis.com/generate_content_free_tier_requests"
  quota_id: "GenerateRequestsPerDayPerProjectPerModel-FreeTier"
  quota_dimensions {
    key: "model"
    value: "gemini-2.5-flash"
  }
  quota_dimensions {
    key: "location"
    value: "global"
  }
  quota_value: 20
}
, retry_delay {
  seconds: 30
}
]
Traceback:
Traceback (most recent call last):
  File "C:\Users\Admin\AppData\Roaming\Python\Python310\site-packages\google\api_core\grpc_helpers_async.py", line 78, in wait_for_connection
    await self._call.wait_for_connection()
  File "C:\Users\Admin\AppData\Roaming\Python\Python310\site-packages\grpc\aio\_call.py", line 655, in wait_for_connection
    await self._raise_for_status()
  File "C:\Users\Admin\AppData\Roaming\Python\Python310\site-packages\grpc\aio\_call.py", line 274, in _raise_for_status
    raise _create_rpc_error(
grpc.aio._call.AioRpcError: <AioRpcError of RPC that terminated with:
	status = StatusCode.RESOURCE_EXHAUSTED
	details = "You exceeded your current quota, please check your plan and billing details. For more information on this error, head to: https://ai.google.dev/gemini-api/docs/rate-limits. To monitor your current usage, head to: https://ai.dev/rate-limit. 
* Quota exceeded for metric: generativelanguage.googleapis.com/generate_content_free_tier_requests, limit: 20, model: gemini-2.5-flash
Please retry in 30.673645743s."
	debug_error_string = "UNKNOWN:Error received from peer ipv6:%5B2404:6800:4003:c06::5f%5D:443 {grpc_message:"You exceeded your current quota, please check your plan and billing details. For more information on this error, head to: https://ai.google.dev/gemini-api/docs/rate-limits. To monitor your current usage, head to: https://ai.dev/rate-limit. \n* Quota exceeded for metric: generativelanguage.googleapis.com/generate_content_free_tier_requests, limit: 20, model: gemini-2.5-flash\nPlease retry in 30.673645743s.", grpc_status:8}"
>

The above exception was the direct cause of the following exception:

Traceback (most recent call last):
  File "E:\Project\Hoc\hoc-tieng-anh\backend\app\services\ai_service.py", line 101, in get_tutor_response
    response = await chat.send_message_async(prompt, stream=True)
  File "C:\Users\Admin\AppData\Local\Programs\Python\Python310\lib\site-packages\google\generativeai\generative_models.py", line 707, in send_message_async
    response = await self.model.generate_content_async(
  File "C:\Users\Admin\AppData\Local\Programs\Python\Python310\lib\site-packages\google\generativeai\generative_models.py", line 379, in generate_content_async
    iterator = await self._async_client.stream_generate_content(
  File "C:\Users\Admin\AppData\Roaming\Python\Python310\site-packages\google\api_core\retry\retry_unary_async.py", line 231, in retry_wrapped_func
    return await retry_target(
  File "C:\Users\Admin\AppData\Roaming\Python\Python310\site-packages\google\api_core\retry\retry_unary_async.py", line 163, in retry_target
    next_sleep = _retry_error_helper(
  File "C:\Users\Admin\AppData\Roaming\Python\Python310\site-packages\google\api_core\retry\retry_base.py", line 216, in _retry_error_helper
    raise final_exc from source_exc
  File "C:\Users\Admin\AppData\Roaming\Python\Python310\site-packages\google\api_core\retry\retry_unary_async.py", line 158, in retry_target
    return await target()
  File "C:\Users\Admin\AppData\Roaming\Python\Python310\site-packages\google\api_core\grpc_helpers_async.py", line 179, in error_remapped_callable
    await call.wait_for_connection()
  File "C:\Users\Admin\AppData\Roaming\Python\Python310\site-packages\google\api_core\grpc_helpers_async.py", line 80, in wait_for_connection
    raise exceptions.from_grpc_error(rpc_error) from rpc_error
google.api_core.exceptions.ResourceExhausted: 429 You exceeded your current quota, please check your plan and billing details. For more information on this error, head to: https://ai.google.dev/gemini-api/docs/rate-limits. To monitor your current usage, head to: https://ai.dev/rate-limit. 
* Quota exceeded for metric: generativelanguage.googleapis.com/generate_content_free_tier_requests, limit: 20, model: gemini-2.5-flash
Please retry in 30.673645743s. [links {
  description: "Learn more about Gemini API quotas"
  url: "https://ai.google.dev/gemini-api/docs/rate-limits"
}
, violations {
  quota_metric: "generativelanguage.googleapis.com/generate_content_free_tier_requests"
  quota_id: "GenerateRequestsPerDayPerProjectPerModel-FreeTier"
  quota_dimensions {
    key: "model"
    value: "gemini-2.5-flash"
  }
  quota_dimensions {
    key: "location"
    value: "global"
  }
  quota_value: 20
}
, retry_delay {
  seconds: 30
}
]

